###############################################################
#  Generated by:      Cadence Innovus 20.14-s095_1
#  OS:                Linux x86_64(Host ID vlsilabece.jaipur.manipal.edu)
#  Generated on:      Mon Oct  5 16:34:20 2026
#  Design:            reg_file
#  Command:           verifyMetalDensity -report SECOND_fill.rpt -detailed
###############################################################

Verify Density report created on Mon Oct  5 16:34:20 2026

###############################################################
# Layer       M1 - Window size      : 120.0um X 120.0um
# Layer       M1 - Window step      : 60.0um X 60.0um
# Layer       M1 - Min Density      : 20%
# Layer       M1 - Pref Density     : 35%
# Layer       M1 - Max Density      : 60%
# Layer       M1 - Ext Density      : 35%
# Layer       M2 - Window size      : 120.0um X 120.0um
# Layer       M2 - Window step      : 60.0um X 60.0um
# Layer       M2 - Min Density      : 20%
# Layer       M2 - Pref Density     : 35%
# Layer       M2 - Max Density      : 60%
# Layer       M2 - Ext Density      : 35%
# Layer       M3 - Window size      : 120.0um X 120.0um
# Layer       M3 - Window step      : 60.0um X 60.0um
# Layer       M3 - Min Density      : 20%
# Layer       M3 - Pref Density     : 35%
# Layer       M3 - Max Density      : 60%
# Layer       M3 - Ext Density      : 35%
# Layer       M4 - Window size      : 120.0um X 120.0um
# Layer       M4 - Window step      : 60.0um X 60.0um
# Layer       M4 - Min Density      : 20%
# Layer       M4 - Pref Density     : 35%
# Layer       M4 - Max Density      : 60%
# Layer       M4 - Ext Density      : 35%
# Layer       M5 - Window size      : 120.0um X 120.0um
# Layer       M5 - Window step      : 60.0um X 60.0um
# Layer       M5 - Min Density      : 20%
# Layer       M5 - Pref Density     : 35%
# Layer       M5 - Max Density      : 60%
# Layer       M5 - Ext Density      : 35%
# Layer       M6 - Window size      : 120.0um X 120.0um
# Layer       M6 - Window step      : 60.0um X 60.0um
# Layer       M6 - Min Density      : 20%
# Layer       M6 - Pref Density     : 35%
# Layer       M6 - Max Density      : 60%
# Layer       M6 - Ext Density      : 35%
# Layer       M7 - Window size      : 120.0um X 120.0um
# Layer       M7 - Window step      : 60.0um X 60.0um
# Layer       M7 - Min Density      : 20%
# Layer       M7 - Pref Density     : 35%
# Layer       M7 - Max Density      : 65%
# Layer       M7 - Ext Density      : 35%
# Layer       M8 - Window size      : 120.0um X 120.0um
# Layer       M8 - Window step      : 60.0um X 60.0um
# Layer       M8 - Min Density      : 20%
# Layer       M8 - Pref Density     : 35%
# Layer       M8 - Max Density      : 65%
# Layer       M8 - Ext Density      : 35%
# Layer       M9 - Window size      : 120.0um X 120.0um
# Layer       M9 - Window step      : 60.0um X 60.0um
# Layer       M9 - Min Density      : 20%
# Layer       M9 - Pref Density     : 35%
# Layer       M9 - Max Density      : 65%
# Layer       M9 - Ext Density      : 35%
###############################################################


    Layer    Density(%)          Window  
***************************************************

      M9       39.02    (0 0) (120 120)
      M9       39.30    (60 0) (180 120)
      M9       36.16    (87.8 0) (207.8 120)
      M9       36.86    (0 40.36) (120 160.36)
      M9       40.09    (60 40.36) (180 160.36)
      M9       38.91    (87.8 40.36) (207.8 160.36)

      M8       38.03    (0 0) (120 120)
      M8       37.15    (60 0) (180 120)
      M8       37.67    (87.8 0) (207.8 120)
      M8       38.38    (0 40.36) (120 160.36)
      M8       43.59    (60 40.36) (180 160.36)
      M8       45.87    (87.8 40.36) (207.8 160.36)

      M7       39.01    (0 0) (120 120)
      M7       39.27    (60 0) (180 120)
      M7       35.24    (87.8 0) (207.8 120)
      M7       39.22    (0 40.36) (120 160.36)
      M7       47.52    (60 40.36) (180 160.36)
      M7       46.17    (87.8 40.36) (207.8 160.36)

      M6       38.02    (0 0) (120 120)
      M6       40.73    (60 0) (180 120)
      M6       36.90    (87.8 0) (207.8 120)
      M6       38.20    (0 40.36) (120 160.36)
      M6       46.15    (60 40.36) (180 160.36)
      M6       44.99    (87.8 40.36) (207.8 160.36)

      M5       36.48    (0 0) (120 120)
      M5       37.08    (60 0) (180 120)
      M5       38.10    (87.8 0) (207.8 120)
      M5       36.47    (0 40.36) (120 160.36)
      M5       35.74    (60 40.36) (180 160.36)
      M5       36.83    (87.8 40.36) (207.8 160.36)

      M4       32.49    (0 0) (120 120)
      M4       30.40    (60 0) (180 120)
      M4       33.68    (87.8 0) (207.8 120)
      M4       32.38    (0 40.36) (120 160.36)
      M4       27.55    (60 40.36) (180 160.36)
      M4       30.86    (87.8 40.36) (207.8 160.36)

      M3       31.42    (0 0) (120 120)
      M3       25.61    (60 0) (180 120)
      M3       28.79    (87.8 0) (207.8 120)
      M3       30.87    (0 40.36) (120 160.36)
      M3       23.20    (60 40.36) (180 160.36)
      M3       26.50    (87.8 40.36) (207.8 160.36)

      M2       29.68    (0 0) (120 120)
      M2       23.20    (60 0) (180 120)
      M2       26.52    (87.8 0) (207.8 120)
      M2       29.67    (0 40.36) (120 160.36)
      M2       22.14    (60 40.36) (180 160.36)
      M2       25.50    (87.8 40.36) (207.8 160.36)

      M1       29.23    (0 0) (120 120)
      M1       23.44    (60 0) (180 120)
      M1       26.45    (87.8 0) (207.8 120)
      M1       29.16    (0 40.36) (120 160.36)
      M1       23.00    (60 40.36) (180 160.36)
      M1       26.04    (87.8 40.36) (207.8 160.36)


No density violations were found.

