*** timeDesign #6 [begin] : totSession cpu/real = 0:01:16.1/0:13:42.8 (0.1), mem = 1659.2M
 Reset EOS DB
Ignoring AAE DB Resetting ...
Extraction called for design 'reg_file' of instances=3485 and nets=3888 using extraction engine 'postRoute' at effort level 'low' .
PostRoute (effortLevel low) RC Extraction called for design reg_file.
RC Extraction called in multi-corner(1) mode.
**WARN: (IMPEXT-6197):	The Cap table file is not specified. This will result in lower parasitic accuracy when using preRoute extraction or postRoute extraction with effort level 'low'. It is recommended to generate the Cap table file using the 'generateCapTbl' command and specify it before extraction using 'create_rc_corner/update_rc_corner -cap_table'.
Type 'man IMPEXT-6197' for more detail.
**WARN: (IMPEXT-3032):	Because the cap table file was not provided, it will be created internally with the following process info:
* Layer Id             : 1 - M1
      Thickness        : 0.3
      Min Width        : 0.06
      Layer Dielectric : 4.1
* Layer Id             : 2 - M2
      Thickness        : 0.36
      Min Width        : 0.07
      Layer Dielectric : 4.1
* Layer Id             : 3 - M3
      Thickness        : 0.36
      Min Width        : 0.07
      Layer Dielectric : 4.1
* Layer Id             : 4 - M4
      Thickness        : 0.36
      Min Width        : 0.07
      Layer Dielectric : 4.1
* Layer Id             : 5 - M5
      Thickness        : 0.36
      Min Width        : 0.07
      Layer Dielectric : 4.1
* Layer Id             : 6 - M6
      Thickness        : 0.36
      Min Width        : 0.07
      Layer Dielectric : 4.1
* Layer Id             : 7 - M7
      Thickness        : 0.36
      Min Width        : 0.07
      Layer Dielectric : 4.1
* Layer Id             : 8 - M8
      Thickness        : 0.36
      Min Width        : 0.07
      Layer Dielectric : 4.1
* Layer Id             : 9 - M9
      Thickness        : 1
      Min Width        : 0.07
      Layer Dielectric : 4.1
extractDetailRC Option : -outfile /tmp/innovus_temp_36746_vlsilabece.jaipur.manipal.edu_shilpibirla_WaZLnC/reg_file_36746_w8rRlb.rcdb.d -maxResLength 200  -basic
RC Mode: PostRoute -effortLevel low [Basic CapTable, LEF Resistances]
      RC Corner Indexes            0   
Capacitance Scaling Factor   : 1.00000 
Coupling Cap. Scaling Factor : 1.00000 
Resistance Scaling Factor    : 1.00000 
Clock Cap. Scaling Factor    : 1.00000 
Clock Res. Scaling Factor    : 1.00000 
Shrink Factor                : 1.00000
Initializing multi-corner resistance tables ...
Checking LVS Completed (CPU Time= 0:00:00.0  MEM= 1659.2M)
Extracted 10.0036% (CPU Time= 0:00:00.0  MEM= 1707.2M)
Extracted 20.0034% (CPU Time= 0:00:00.1  MEM= 1707.2M)
Extracted 30.0032% (CPU Time= 0:00:00.1  MEM= 1707.2M)
Extracted 40.003% (CPU Time= 0:00:00.2  MEM= 1707.2M)
Extracted 50.0029% (CPU Time= 0:00:00.2  MEM= 1707.2M)
Extracted 60.0027% (CPU Time= 0:00:00.2  MEM= 1707.2M)
Extracted 70.0025% (CPU Time= 0:00:00.3  MEM= 1707.2M)
Extracted 80.0023% (CPU Time= 0:00:00.3  MEM= 1707.2M)
Extracted 90.0021% (CPU Time= 0:00:00.4  MEM= 1707.2M)
Extracted 100% (CPU Time= 0:00:00.5  MEM= 1707.2M)
Number of Extracted Resistors     : 83027
Number of Extracted Ground Cap.   : 83644
Number of Extracted Coupling Cap. : 142760
Filtering XCap in 'relativeAndCoupling' mode using values coupling_c_threshold=0.1fF, relative_c_threshold=1, and total_c_threshold=0fF.
Checking LVS Completed (CPU Time= 0:00:00.0  MEM= 1675.2M)
PostRoute (effortLevel low) RC Extraction DONE (CPU Time: 0:00:00.7  Real Time: 0:00:01.0  MEM: 1679.223M)
Starting delay calculation for Hold views
Starting SI iteration 1 using Infinite Timing Windows
#################################################################################
# Design Stage: PostRoute
# Design Name: reg_file
# Design Mode: 45nm
# Analysis Mode: MMMC OCV 
# Parasitics Mode: SPEF/RCDB 
# Signoff Settings: SI On 
#################################################################################
AAE_INFO: 1 threads acquired from CTE.
Start delay calculation (fullDC) (1 T). (MEM=1662.83)
*** Calculating scaling factor for LIB_FAST libraries using the default operating condition of each library.
Initializing multi-corner resistance tables ...
 Report initialization with DMWrite ... (0, Best)
Total number of fetched objects 3885
AAE_INFO: Total number of nets for which stage creation was skipped for all views 0
AAE_INFO-618: Total number of nets in the design is 3888,  100.0 percent of the nets selected for SI analysis
End delay calculation. (MEM=1678.53 CPU=0:00:00.7 REAL=0:00:01.0)
End delay calculation (fullDC). (MEM=1678.53 CPU=0:00:00.7 REAL=0:00:01.0)
Loading CTE timing window with TwFlowType 0...(CPU = 0:00:00.0, REAL = 0:00:00.0, MEM = 1678.5M)
Add other clocks and setupCteToAAEClockMapping during iter 1
Loading CTE timing window is completed (CPU = 0:00:00.0, REAL = 0:00:00.0, MEM = 1678.5M)
Starting SI iteration 2
Start delay calculation (fullDC) (1 T). (MEM=1646.64)
 Report initialization with DMUpdate ... (1, Worst)
Glitch Analysis: View HOLD_VIEW -- Total Number of Nets Skipped = 0. 
Glitch Analysis: View HOLD_VIEW -- Total Number of Nets Analyzed = 3885. 
Total number of fetched objects 3885
AAE_INFO: Total number of nets for which stage creation was skipped for all views 0
AAE_INFO-618: Total number of nets in the design is 3888,  0.9 percent of the nets selected for SI analysis
End delay calculation. (MEM=1691.34 CPU=0:00:00.0 REAL=0:00:00.0)
End delay calculation (fullDC). (MEM=1691.34 CPU=0:00:00.0 REAL=0:00:00.0)
*** Done Building Timing Graph (cpu=0:00:01.0 real=0:00:01.0 totSessionCpu=0:01:18 mem=1691.3M)

------------------------------------------------------------------
          timeDesign Summary
------------------------------------------------------------------

Hold views included:
 HOLD_VIEW 

+--------------------+---------+---------+---------+
|     Hold mode      |   all   | reg2reg | default |
+--------------------+---------+---------+---------+
|           WNS (ns):|  0.067  |  0.067  |  0.904  |
|           TNS (ns):|  0.000  |  0.000  |  0.000  |
|    Violating Paths:|    0    |    0    |    0    |
|          All Paths:|  1056   |   992   |  1056   |
+--------------------+---------+---------+---------+

Density: 48.073%
------------------------------------------------------------------
Reported timing to dir ./timingReports
Total CPU time: 1.87 sec
Total Real time: 2.0 sec
Total Memory Usage: 1648.339844 Mbytes
Reset AAE Options
